
[1m[46m RUN [49m[22m [36mv4.0.17 [39m[90mC:/Users/Pro/OneDrive/Desktop/dirhamy - Copie/dirhamy/backend[39m

node.exe : Sourcemap 
for "C:/Users/Pro/One
Drive/Desktop/dirhamy
 - Copie/dirhamy/back
end/node_modules/node
-cron/dist/esm/node-c
ron.js" points to 
missing source files
Au caractère Ligne:1 
: 1
+ & "C:\Program Files
\nodejs/node.exe" 
"C:\Program 
Files\nodejs/node_mo 
...
+ ~~~~~~~~~~~~~~~~~~~
~~~~~~~~~~~~~~~~~~~~~
~~~~~~~~~~~~~~~~~~~~~
~~~~~~~~
    + CategoryInfo   
           : NotSpe  
  cified: (Sourcem   
 ap for "...ng so    
urce files:Strin    
g) [], RemoteExc    
eption
    + FullyQualified 
   ErrorId : Native  
  CommandError
 
[90mstdout[2m | tests/integration/auth.integration.test.ts
[22m[39m[dotenv@17.2.3] injecting env (8) from .env -- tip: ÔÜÖ´©Å  enable debug logging with { debug: true }

[90mstdout[2m | tests/integration/auth.integration.test.ts
[22m[39m[dotenv@17.2.3] injecting env (0) from .env -- tip: ­ƒôí add observability to secrets: https://dotenvx.com/ops

[90mstdout[2m | tests/integration/auth.integration.test.ts
[22m[39m[dotenv@17.2.3] injecting env (0) from .env -- tip: ÔÜÖ´©Å  enable debug logging with { debug: true }

[90mstdout[2m | tests/integration/auth.integration.test.ts
[22m[39m[dotenv@17.2.3] injecting env (0) from .env -- tip: Ô£à audit secrets and track compliance: https://dotenvx.com/ops

[90mstdout[2m | tests/integration/auth.integration.test.ts
[22m[39m[dotenv@17.2.3] injecting env (0) from .env -- tip: Ô£à audit secrets and track compliance: https://dotenvx.com/ops

[90mstdout[2m | tests/integration/auth.integration.test.ts
[22m[39mStarting Test Database...

Loaded Prisma config 
from 
prisma.config.ts.

Prisma schema loaded 
from 
prisma\schema.prisma.
Datasource "db": PostgreSQL database "dirhamy_test", schema "public" at "localhost:32859"

5 migrations found in prisma/migrations

Applying migration `20251206200222_init`
Applying migration `20251206213417_optim_sold`
Applying migration `20251207214524_add_refresh_token`
Applying migration `20251228170154_add_budget_snapshots`
Applying migration `20260118130148_trensfer`

The following migration(s) have been applied:

migrations/
  ÔööÔöÇ 20251206200222_init/
    ÔööÔöÇ migration.sql
  ÔööÔöÇ 20251206213417_optim_sold/
    ÔööÔöÇ migration.sql
  ÔööÔöÇ 20251207214524_add_refresh_token/
    ÔööÔöÇ migration.sql
  ÔööÔöÇ 20251228170154_add_budget_snapshots/
    ÔööÔöÇ migration.sql
  ÔööÔöÇ 20260118130148_trensfer/
    ÔööÔöÇ migration.sql

All migrations have been successfully applied.
[90mstdout[2m | tests/integration/auth.integration.test.ts
[22m[39mTest Database Started.

[90mstdout[2m | tests/integration/auth.integration.test.ts[2m > [22m[2mAuth Integration[2m > [22m[2mPOST /auth/login[2m > [22m[2mshould login successfully with correct credentials
[22m[39mlimitGlobalTraffic : ::ffff:127.0.0.1
limitLoginAttempts

[90mstdout[2m | tests/integration/auth.integration.test.ts[2m > [22m[2mAuth Integration[2m > [22m[2mPOST /auth/login[2m > [22m[2mshould login successfully with correct credentials
[22m[39mAuthService: Check Password - Input: password123, Hash: password123, Valid: false

 [31mÔØ»[39m tests/integration/auth.integration.test.ts [2m([22m[2m5 tests[22m[2m | [22m[31m1 failed[39m[2m | [22m[33m4 skipped[39m[2m)[22m[33m 5487[2mms[22m[39m
       [2m[90mÔåô[39m[22m should register a new user successfully
       [2m[90mÔåô[39m[22m should return 400 for missing fields
[31m       [31m├ù[31m should login successfully with correct credentials[39m[33m 317[2mms[22m[39m
       [2m[90mÔåô[39m[22m should return 400/401 for incorrect password
       [2m[90mÔåô[39m[22m should logout and clear cookies

[31mÔÄ»ÔÄ»ÔÄ»ÔÄ»ÔÄ»Ô
Ä»ÔÄ»[39m[1m[41m 
Failed Tests 1 [49m
[22m[31mÔÄ»ÔÄ»ÔÄ»ÔÄ»
ÔÄ»ÔÄ»ÔÄ»[39m

[41m[1m FAIL 
[22m[49m tests/inte
gration/auth.integrat
ion.test.ts[2m > 
[22mAuth 
Integration[2m > 
[22mPOST 
/auth/login[2m > 
[22mshould login 
successfully with 
correct credentials
[31m[1mAssertionErr
or[22m: expected 
401 to be 201 // 
Object.is 
equality[39m

[32m- Expected[39m
[31m+ Received[39m

[32m- 201[39m
[31m+ 401[39m

[36m [2mÔØ»[22m te
sts/integration/auth.
integration.test.ts:
[2m44:37[22m[39m
    [90m 42| [39m  
          
})[33m;[39m
    [90m 43| [39m
    [90m 44| [39m  
          [34mexpect
[39m(response[33m.
[39mstatus)[33m.[39
m[34mtoBe[39m([34m
201[39m)[33m;[39m
    [90m   | [39m  
                     
             
[31m^[39m
    [90m 45| [39m  
          expect(resp
onse.body).toEqual({ 
message: 'Login 
successfulÔÇª
    [90m 46| [39m

[31m[2mÔÄ»ÔÄ»ÔÄ»ÔÄ»
ÔÄ»ÔÄ»ÔÄ»ÔÄ»ÔÄ»ÔÄ»ÔÄ»
ÔÄ»ÔÄ»ÔÄ»ÔÄ»ÔÄ»ÔÄ»ÔÄ»
ÔÄ»ÔÄ»ÔÄ»ÔÄ»ÔÄ»ÔÄ»[1/
1]ÔÄ»[22m[39m


[2m Test Files [22m [1m[31m1 failed[39m[22m[90m (1)[39m
[2m      Tests [22m [1m[31m1 failed[39m[22m[2m | [22m[33m4 skipped[39m[90m (5)[39m
[2m   Start at [22m 09:30:26
[2m   Duration [22m 6.74s[2m (transform 291ms, setup 630ms, import 471ms, tests 5.49s, environment 0ms)[22m

